  neg caught  crossing protection off is caught
  neg caught  occupancy / same-runway checks removed are caught
  neg caught  a slower departure acceleration (longer time to the intersection) changes the 45 s verdict
  ok   illegal 1R rolls with a 28L arrival 15 s from its threshold (needs > 40 s) — CROSSING_CONFLICT TST76 crosses the 28L threshold in 15 s, departure needs 35 s to the intersection
  ok   illegal 1R rolls with a 28L arrival 30 s from its threshold (needs > 40 s) — CROSSING_CONFLICT TST78 crosses the 28L threshold in 30 s, departure needs 35 s to the intersection
  ok   legal   1R rolls with a 28L arrival 45 s from its threshold (needs > 40 s)
  ok   legal   1R rolls with a 28L arrival 60 s from its threshold (needs > 40 s)
  ok   legal   1R rolls with a 28L arrival 90 s from its threshold (needs > 40 s)
  ok   legal   1R rolls with a 28L arrival 150 s from its threshold (needs > 40 s)
  ok   illegal 1R rolls with a 28L arrival rolling 2,500 ft, short of the 4,590 ft intersection — CROSSING_CONFLICT TST88 on runway 28L not yet past the intersection
  ok   legal   1R rolls with a 28L arrival past the intersection
  ok   legal   1R rolls with a 28L arrival stopped short of the intersection (holding short)
  ok   legal   1R rolls with a 28L arrival exited at a taxiway before the intersection
  ok   illegal 28L arrival over the threshold, 1R departure rolling, 1,500 ft down 1R (short of the intersection) — CROSSING_CONFLICT TST95 on runway 1R still short of the intersection
  ok   legal   28L arrival over the threshold, 1R departure airborne past the intersection
  ok   legal   28L arrival over the threshold, 1R departure airborne and turning 25° away
  ok   legal   28L arrival over the threshold, 1R departure lined up and waiting (not moving)
  ok   illegal 28R arrival over the threshold with the previous arrival still rolling at 6,000 ft (cat III) — RUNWAY_INCURSION over the threshold with TST103 on runway 28R
  ok   legal   28R arrival over the threshold, previous arrival exited
  ok   illegal 1L departure rolls with another aircraft lined up ahead on 1L — RUNWAY_INCURSION takeoff roll with TST108 on runway 1L
  ok   legal   1L rolls while a 28R arrival is past the 28R×1L intersection (5,338 ft)
  ok   bot works a 60-min easy shift with 0 crossing conflicts and 0 runway incursions while launching 1L/1R departures between 28L/28R arrivals — landed 5, departed 8, crossing 0, incursions 0
  ok   at least 6 departures rolled on 1L/1R across the 28 arrival stream — 8
NEGATIVE 3/3
PASS T5 SFO runway ops — 18 crossing / occupancy scenarios + bot shift (20 checks, 0 failed)
